........................................................................ [  5%]
........................................................................ [ 10%]
........................................................................ [ 16%]
........................................................................ [ 21%]
........................................................................ [ 27%]
........................................................................ [ 32%]
ssss..s................................................................. [ 37%]
........................................................................ [ 43%]
.......................................................................s [ 48%]
........................................................................ [ 54%]
........................................................................ [ 59%]
........................................................................ [ 64%]
........................................................................ [ 70%]
........................................................................ [ 75%]
........................................................................ [ 81%]
........................................................................ [ 86%]
........................................................................ [ 92%]
........................................................................ [ 97%]
..................................                                       [100%]
=============================== warnings summary ===============================
tests/test_effect_ledger.py::test_eight_workers_share_one_cap
tests/test_effect_ledger.py::test_eight_workers_share_one_cap
tests/test_effect_ledger.py::test_eight_workers_share_one_cap
tests/test_effect_ledger.py::test_eight_workers_share_one_cap
tests/test_effect_ledger.py::test_eight_workers_share_one_cap
tests/test_effect_ledger.py::test_eight_workers_share_one_cap
tests/test_effect_ledger.py::test_eight_workers_share_one_cap
tests/test_effect_ledger.py::test_eight_workers_share_one_cap
  /usr/lib/python3.12/multiprocessing/popen_fork.py:66: DeprecationWarning: This process (pid=531711) is multi-threaded, use of fork() may lead to deadlocks in the child.
    self.pid = os.fork()

-- Docs: https://docs.pytest.org/en/stable/how-to/capture-warnings.html
1324 passed, 6 skipped, 8 warnings in 221.77s (0:03:41)
