........................................................................ [  5%]
...s.................................................................... [ 10%]
........................................................................ [ 15%]
........................................................................ [ 21%]
........................................................................ [ 26%]
........................................................................ [ 31%]
....ssss..s............................................................. [ 36%]
........................................................................ [ 42%]
........................................................................ [ 47%]
..........s............................................................. [ 52%]
........................................................................ [ 57%]
........................................................................ [ 63%]
........................................................................ [ 68%]
........................................................................ [ 73%]
........................................................................ [ 78%]
........................................................................ [ 84%]
........................................................................ [ 89%]
........................................................................ [ 94%]
........................................................................ [ 99%]
.                                                                        [100%]
1362 passed, 7 skipped in 237.52s (0:03:57)
