........................................................................ [  4%]
....................s................................................... [  8%]
........................................................................ [ 12%]
........................................................................ [ 16%]
........................................................................ [ 21%]
........................................................................ [ 25%]
...........s............................................................ [ 29%]
.....................................................ssss..s............ [ 33%]
........................................................................ [ 37%]
........................................................................ [ 42%]
........................................................................ [ 46%]
................................................................s....... [ 50%]
........................................................................ [ 54%]
........................................................................ [ 59%]
........................................................................ [ 63%]
........................................................................ [ 67%]
........................................................................ [ 71%]
........................................................................ [ 75%]
........................................................................ [ 80%]
........................................................................ [ 84%]
........................................................................ [ 88%]
........................................................................ [ 92%]
........................................................................ [ 96%]
....................................................                     [100%]
1700 passed, 8 skipped in 613.50s (0:10:13)
